<?xml version="1.0" encoding="UTF-8"?>
<testsuites name="Goodreads Book Search Integration Test" time="21.376" tests="4" failures="0">
  <testsuite name="Root Suite" timestamp="2025-01-17T15:55:20" tests="0" time="0.000" failures="0">
    <properties>
      <property name="environment" value="development"/>
    </properties>
  </testsuite>
  <testsuite name="🧠 Goodreads Book Search Integration Test" timestamp="2025-01-17T15:55:20" tests="4" file="/Volumes/Data/Project/goodreads-book-search/test/index.js" time="21.375" failures="0">
    <properties>
      <property name="environment" value="development"/>
    </properties>
    <testcase name="🧠 Goodreads Book Search Integration Test Is the ISBN &quot;9944824453&quot;? 🔥" time="5.783" classname="Is the ISBN &quot;9944824453&quot;? 🔥">
    </testcase>
    <testcase name="🧠 Goodreads Book Search Integration Test Is the book title &quot;Dövmeli Adam&quot;? 🚀" time="5.683" classname="Is the book title &quot;Dövmeli Adam&quot;? 🚀">
    </testcase>
    <testcase name="🧠 Goodreads Book Search Integration Test Is the book&apos;s publication date &quot;1 September 2008&quot;? ⏰" time="5.444" classname="Is the book&apos;s publication date &quot;1 September 2008&quot;? ⏰">
    </testcase>
    <testcase name="🧠 Goodreads Book Search Integration Test Is the page count &quot;640&quot;? 📋" time="4.453" classname="Is the page count &quot;640&quot;? 📋">
    </testcase>
  </testsuite>
</testsuites>